// Jest Snapshot v1, https://goo.gl/fbAQLP

exports[`GetAllQuestions should render without crashing 1`] = `
ShallowWrapper {
  Symbol(enzyme.__root__): [Circular],
  Symbol(enzyme.__unrendered__): <GetAllQuestions
    fetchQuestions={
      [MockFunction] {
        "calls": Array [
          Array [],
        ],
        "results": Array [
          Object {
            "isThrow": false,
            "value": undefined,
          },
        ],
      }
    }
    questions={
      Array [
        Object {
          "questions": Array [],
        },
      ]
    }
  />,
  Symbol(enzyme.__renderer__): Object {
    "batchedUpdates": [Function],
    "getNode": [Function],
    "render": [Function],
    "simulateError": [Function],
    "simulateEvent": [Function],
    "unmount": [Function],
  },
  Symbol(enzyme.__node__): Object {
    "instance": null,
    "key": undefined,
    "nodeType": "host",
    "props": Object {
      "children": <div>
        <div
          className="text-center"
        >
          <img
            alt=""
            className="loading__image"
            src="https://media.giphy.com/media/jAYUbVXgESSti/giphy.gif"
          />
        </div>
      </div>,
    },
    "ref": null,
    "rendered": Object {
      "instance": null,
      "key": undefined,
      "nodeType": "host",
      "props": Object {
        "children": <div
          className="text-center"
        >
          <img
            alt=""
            className="loading__image"
            src="https://media.giphy.com/media/jAYUbVXgESSti/giphy.gif"
          />
        </div>,
      },
      "ref": null,
      "rendered": Object {
        "instance": null,
        "key": undefined,
        "nodeType": "host",
        "props": Object {
          "children": <img
            alt=""
            className="loading__image"
            src="https://media.giphy.com/media/jAYUbVXgESSti/giphy.gif"
          />,
          "className": "text-center",
        },
        "ref": null,
        "rendered": Object {
          "instance": null,
          "key": undefined,
          "nodeType": "host",
          "props": Object {
            "alt": "",
            "className": "loading__image",
            "src": "https://media.giphy.com/media/jAYUbVXgESSti/giphy.gif",
          },
          "ref": null,
          "rendered": null,
          "type": "img",
        },
        "type": "div",
      },
      "type": "div",
    },
    "type": "div",
  },
  Symbol(enzyme.__nodes__): Array [
    Object {
      "instance": null,
      "key": undefined,
      "nodeType": "host",
      "props": Object {
        "children": <div>
          <div
            className="text-center"
          >
            <img
              alt=""
              className="loading__image"
              src="https://media.giphy.com/media/jAYUbVXgESSti/giphy.gif"
            />
          </div>
        </div>,
      },
      "ref": null,
      "rendered": Object {
        "instance": null,
        "key": undefined,
        "nodeType": "host",
        "props": Object {
          "children": <div
            className="text-center"
          >
            <img
              alt=""
              className="loading__image"
              src="https://media.giphy.com/media/jAYUbVXgESSti/giphy.gif"
            />
          </div>,
        },
        "ref": null,
        "rendered": Object {
          "instance": null,
          "key": undefined,
          "nodeType": "host",
          "props": Object {
            "children": <img
              alt=""
              className="loading__image"
              src="https://media.giphy.com/media/jAYUbVXgESSti/giphy.gif"
            />,
            "className": "text-center",
          },
          "ref": null,
          "rendered": Object {
            "instance": null,
            "key": undefined,
            "nodeType": "host",
            "props": Object {
              "alt": "",
              "className": "loading__image",
              "src": "https://media.giphy.com/media/jAYUbVXgESSti/giphy.gif",
            },
            "ref": null,
            "rendered": null,
            "type": "img",
          },
          "type": "div",
        },
        "type": "div",
      },
      "type": "div",
    },
  ],
  Symbol(enzyme.__options__): Object {
    "adapter": ReactSixteenAdapter {
      "options": Object {
        "enableComponentDidUpdateOnSetState": true,
        "lifecycles": Object {
          "componentDidUpdate": Object {
            "onSetState": true,
          },
          "getDerivedStateFromProps": true,
          "getSnapshotBeforeUpdate": true,
          "setState": Object {
            "skipsComponentDidUpdateOnNullish": true,
          },
        },
      },
    },
  },
}
`;
